###############################################################################
#
# IAR ELF Linker V8.40.1.212/W32 for ARM                  22/Nov/2020  12:15:25
# Copyright 2007-2019 IAR Systems AB.
#
#    Output file  =
#        D:\Documents\Course\Certificate Course in
#        UW\UW_Workspace\embsys310\assignment04\endian_test\EWARM\Debug\Exe\endian_test.out
#    Map file     =
#        D:\Documents\Course\Certificate Course in
#        UW\UW_Workspace\embsys310\assignment04\endian_test\EWARM\Debug\List\endian_test.map
#    Command line =
#        -f C:\Users\user\AppData\Local\Temp\EWB344.tmp
#        ("D:\Documents\Course\Certificate Course in
#        UW\UW_Workspace\embsys310\assignment04\endian_test\EWARM\Debug\Obj\main.o"
#        --no_out_extension -o "D:\Documents\Course\Certificate Course in
#        UW\UW_Workspace\embsys310\assignment04\endian_test\EWARM\Debug\Exe\endian_test.out"
#        --redirect _Printf=_PrintfFullNoMb --redirect _Scanf=_ScanfFullNoMb
#        --map "D:\Documents\Course\Certificate Course in
#        UW\UW_Workspace\embsys310\assignment04\endian_test\EWARM\Debug\List\endian_test.map"
#        --config "C:\Program Files (x86)\IAR Systems\Embedded Workbench
#        8.3\arm\CONFIG\generic_cortex.icf" --semihosting --entry
#        __iar_program_start --BE8 --redirect
#        __iar_sh_stdout=__iar_sh_stdout_swo --vfe --text_out locale)
#
###############################################################################

*******************************************************************************
*** RUNTIME MODEL ATTRIBUTES
***

CppFlavor       = *
__SystemLibrary = DLib
__dlib_version  = 6


*******************************************************************************
*** HEAP SELECTION
***

The basic heap was selected because some modules are built with
size limitations (and not runtime checking), and --advanced_heap
was not specified.


*******************************************************************************
*** PLACEMENT SUMMARY
***

"A0":  place at address 0x0 { ro section .intvec };
"P1":  place in [from 0x0 to 0x7'ffff] { ro };
define block CSTACK with size = 1K, alignment = 8 { };
define block PROC_STACK with size = 0, alignment = 8 { };
define block HEAP with size = 2K, alignment = 8 { };
"P2":  place in [from 0x2000'0000 to 0x2000'ffff] {
          rw, block CSTACK, block PROC_STACK, block HEAP };

  Section          Kind         Address    Size  Object
  -------          ----         -------    ----  ------
"A0":                                      0x40
  .intvec          ro code          0x0    0x40  vector_table_M.o [4]
                                 - 0x40    0x40

"P1":                                    0x1ef4
  .text            ro code         0x40   0xfaa  xprintffull_nomb.o [2]
  .text            ro code        0xfea    0x3a  zero_init3.o [4]
  .text            ro code       0x1024    0x16  strchr.o [4]
  .text            ro code       0x103a     0x2  vector_table_M.o [4]
  .text            ro code       0x103c    0x40  xfail_s.o [2]
  .text            ro code       0x107c    0x42  strlen.o [4]
  .text            ro code       0x10c0    0x58  memchr.o [4]
  .text            ro code       0x1118    0x76  ABImemcpy_unaligned.o [4]
  .text            ro code       0x1190    0x70  frexp.o [3]
  .text            ro code       0x1200    0x2e  DblCmpLe.o [3]
  .text            ro code       0x1230    0x2e  DblCmpGe.o [3]
  .text            ro code       0x1260   0x13a  ldexp.o [3]
  .text            ro code       0x139c    0x3a  DblToS32.o [3]
  .text            ro code       0x13d8    0x22  S32ToDbl.o [3]
  .text            ro code       0x13fc    0xe2  DblSub.o [3]
  .text            ro code       0x14e0   0x246  DblDiv.o [3]
  .text            ro code       0x1728    0x2a  DblToU32.o [3]
  .text            ro code       0x1754    0x1a  U32ToDbl.o [3]
  .text            ro code       0x1770   0x1a2  DblMul.o [3]
  .text            ro code       0x1914   0x230  I64DivMod.o [4]
  .text            ro code       0x1b44     0x6  abort.o [2]
  .text            ro code       0x1b4c   0x16a  DblAdd.o [3]
  .text            ro code       0x1cb8     0x2  I64DivZer.o [4]
  .text            ro code       0x1cbc    0x14  exit.o [5]
  .text            ro code       0x1cd0    0xb8  main.o [1]
  .text            ro code       0x1d88    0x28  printf.o [2]
  .text            ro code       0x1db0    0x50  iarwstdswo.o [5]
  .text            ro code       0x1e00    0x28  data_init.o [4]
  .text            ro code       0x1e28    0x22  iarwrite.o [5]
  .iar.init_table  const         0x1e4c    0x10  - Linker created -
  .text            ro code       0x1e5c    0x20  putchar.o [2]
  .text            ro code       0x1e7c    0x10  write.o [5]
  .text            ro code       0x1e8c    0x1e  dwrite.o [5]
  .text            ro code       0x1eac    0x1e  cmain.o [4]
  .text            ro code       0x1eca     0x4  low_level_init.o [2]
  .text            ro code       0x1ece     0x4  exit.o [2]
  .text            ro code       0x1ed4     0xa  cexit.o [4]
  .text            ro code       0x1ede    0x16  xprout.o [2]
  .rodata          const         0x1ef4    0x10  main.o [1]
  .rodata          const         0x1f04    0x10  main.o [1]
  .rodata          const         0x1f14     0xc  main.o [1]
  .text            ro code       0x1f20     0xc  cstartup_M.o [4]
  .rodata          const         0x1f2c     0x8  xprintffull_nomb.o [2]
  .rodata          const         0x1f34     0x0  zero_init3.o [4]
                               - 0x1f34  0x1ef4

"P2", part 1 of 2:                          0x4
  .bss             zero     0x2000'0000     0x4  xfail_s.o [2]
                          - 0x2000'0004     0x4

"P2", part 2 of 2:                        0x400
  CSTACK                    0x2000'0008   0x400  <Block>
    CSTACK         uninit   0x2000'0008   0x400  <Block tail>
                          - 0x2000'0408   0x400

Unused ranges:

         From           To      Size
         ----           --      ----
       0x1f34     0x7'ffff  0x7'e0cc
  0x2000'0004  0x2000'0007       0x4
  0x2000'0408  0x2000'ffff    0xfbf8


*******************************************************************************
*** INIT TABLE
***

          Address      Size
          -------      ----
Zero (__iar_zero_init3)
    1 destination range, total size 0x4:
          0x2000'0000   0x4



*******************************************************************************
*** MODULE SUMMARY
***

    Module                 ro code  ro data  rw data
    ------                 -------  -------  -------
command line/config:
    ------------------------------------------------
    Total:

D:\Documents\Course\Certificate Course in UW\UW_Workspace\embsys310\assignment04\endian_test\EWARM\Debug\Obj: [1]
    main.o                     184       44
    ------------------------------------------------
    Total:                     184       44

dl7M_tbn.a: [2]
    abort.o                      6
    exit.o                       4
    low_level_init.o             4
    printf.o                    40
    putchar.o                   32
    xfail_s.o                   64                 4
    xprintffull_nomb.o       4'010        8
    xprout.o                    22
    ------------------------------------------------
    Total:                   4'182        8        4

m7M_tb.a: [3]
    DblAdd.o                   362
    DblCmpGe.o                  46
    DblCmpLe.o                  46
    DblDiv.o                   582
    DblMul.o                   418
    DblSub.o                   226
    DblToS32.o                  58
    DblToU32.o                  42
    S32ToDbl.o                  34
    U32ToDbl.o                  26
    frexp.o                    112
    ldexp.o                    314
    ------------------------------------------------
    Total:                   2'266

rt7M_tb.a: [4]
    ABImemcpy_unaligned.o      118
    I64DivMod.o                560
    I64DivZer.o                  2
    cexit.o                     10
    cmain.o                     30
    cstartup_M.o                12
    data_init.o                 40
    memchr.o                    88
    strchr.o                    22
    strlen.o                    66
    vector_table_M.o            66
    zero_init3.o                58
    ------------------------------------------------
    Total:                   1'072

shb_b.a: [5]
    dwrite.o                    30
    exit.o                      20
    iarwrite.o                  34
    iarwstdswo.o                80
    write.o                     16
    ------------------------------------------------
    Total:                     180

    Gaps                        34        2
    Linker created                       16    1'024
----------------------------------------------------
    Grand Total:             7'918       70    1'028


*******************************************************************************
*** ENTRY LIST
***

Entry                       Address   Size  Type      Object
-----                       -------   ----  ----      ------
.iar.init_table$$Base        0x1e4c          --   Gb  - Linker created -
.iar.init_table$$Limit       0x1e5c          --   Gb  - Linker created -
?main                        0x1ead         Code  Gb  cmain.o [4]
CSTACK$$Base            0x2000'0008          --   Gb  - Linker created -
CSTACK$$Limit           0x2000'0408          --   Gb  - Linker created -
Region$$Table$$Base          0x1e4c          --   Gb  - Linker created -
Region$$Table$$Limit         0x1e5c          --   Gb  - Linker created -
_LitobFullNoMb                0xde9  0x104  Code  Lc  xprintffull_nomb.o [2]
_PrintfFullNoMb                0x41  0xd84  Code  Gb  xprintffull_nomb.o [2]
_Prout                       0x1edf   0x16  Code  Gb  xprout.o [2]
_PutcharFullNoMb              0xf55   0x20  Code  Lc  xprintffull_nomb.o [2]
_PutcharsFullNoMb             0xf75   0x2e  Code  Lc  xprintffull_nomb.o [2]
__aeabi_cdcmple              0x1201         Code  Gb  DblCmpLe.o [3]
__aeabi_cdrcmple             0x1231         Code  Gb  DblCmpGe.o [3]
__aeabi_d2iz                 0x139d         Code  Gb  DblToS32.o [3]
__aeabi_d2uiz                0x1729         Code  Gb  DblToU32.o [3]
__aeabi_ddiv                 0x14e1         Code  Gb  DblDiv.o [3]
__aeabi_dmul                 0x1771         Code  Gb  DblMul.o [3]
__aeabi_dsub                 0x13fd         Code  Gb  DblSub.o [3]
__aeabi_i2d                  0x13d9         Code  Gb  S32ToDbl.o [3]
__aeabi_ldiv0                0x1cb9         Code  Gb  I64DivZer.o [4]
__aeabi_ui2d                 0x1755         Code  Gb  U32ToDbl.o [3]
__aeabi_uldivmod             0x1915         Code  Gb  I64DivMod.o [4]
__cmain                      0x1ead         Code  Gb  cmain.o [4]
__dwrite                     0x1e8d   0x1e  Code  Gb  dwrite.o [5]
__exit                       0x1cbd   0x14  Code  Gb  exit.o [5]
__iar_Fail_s                 0x103d   0x1c  Code  Gb  xfail_s.o [2]
__iar_Memchr                 0x10c1         Code  Gb  memchr.o [4]
__iar_Strchr                 0x1025         Code  Gb  strchr.o [4]
__iar_dadd                   0x140d         Code  Gb  DblSub.o [3]
__iar_data_init3             0x1e01   0x28  Code  Gb  data_init.o [4]
__iar_dsub                   0x1b4d         Code  Gb  DblAdd.o [3]
__iar_dsubStart              0x1b5f         Code  Gb  DblAdd.o [3]
__iar_frexp                  0x119d         Code  Gb  frexp.o [3]
__iar_frexp64                0x1191         Code  Gb  frexp.o [3]
__iar_frexpl                 0x119d         Code  Gb  frexp.o [3]
__iar_ldexp64                0x1261         Code  Gb  ldexp.o [3]
__iar_program_start          0x1f21         Code  Gb  cstartup_M.o [4]
__iar_scalbln64              0x1261         Code  Gb  ldexp.o [3]
__iar_scalbn64               0x1261         Code  Gb  ldexp.o [3]
__iar_sh_stdout_swo          0x1db1   0x50  Code  Gb  iarwstdswo.o [5]
__iar_sh_write               0x1e29   0x22  Code  Gb  iarwrite.o [5]
__iar_unaligned_memcpy       0x1119         Code  Gb  ABImemcpy_unaligned.o [4]
__iar_unaligned_memcpy4
                             0x1139         Code  Gb  ABImemcpy_unaligned.o [4]
__iar_unaligned_memcpy8
                             0x1139         Code  Gb  ABImemcpy_unaligned.o [4]
__iar_zero_init3              0xfeb   0x3a  Code  Gb  zero_init3.o [4]
__low_level_init             0x1ecb    0x4  Code  Gb  low_level_init.o [2]
__vector_table                  0x0         Data  Gb  vector_table_M.o [4]
__write                      0x1e7d   0x10  Code  Gb  write.o [5]
_call_main                   0x1eb9         Code  Gb  cmain.o [4]
_exit                        0x1ed5         Code  Gb  cexit.o [4]
_main                        0x1ec7         Code  Gb  cmain.o [4]
abort                        0x1b45    0x6  Code  Gb  abort.o [2]
endian_check                 0x1cd1   0x72  Code  Lc  main.o [1]
exit                         0x1ecf    0x4  Code  Gb  exit.o [2]
frexp                        0x1191         Code  Gb  frexp.o [3]
frexpl                       0x1191         Code  Gb  frexp.o [3]
ldexp                        0x1261         Code  Gb  ldexp.o [3]
ldexpl                       0x1261         Code  Gb  ldexp.o [3]
main                         0x1d43   0x36  Code  Gb  main.o [1]
memchr                       0x10c1         Code  Gb  memchr.o [4]
printf                       0x1d89   0x28  Code  Gb  printf.o [2]
putchar                      0x1e5d   0x20  Code  Gb  putchar.o [2]
scalbln                      0x1261         Code  Gb  ldexp.o [3]
scalblnl                     0x1261         Code  Gb  ldexp.o [3]
scalbn                       0x1261         Code  Gb  ldexp.o [3]
scalbnl                      0x1261         Code  Gb  ldexp.o [3]
scale                         0xeed   0x46  Code  Lc  xprintffull_nomb.o [2]
sec_hand                0x2000'0000    0x4  Data  Lc  xfail_s.o [2]
strchr                       0x1025         Code  Gb  strchr.o [4]
strlen                       0x107d         Code  Gb  strlen.o [4]


[1] = D:\Documents\Course\Certificate Course in UW\UW_Workspace\embsys310\assignment04\endian_test\EWARM\Debug\Obj
[2] = dl7M_tbn.a
[3] = m7M_tb.a
[4] = rt7M_tb.a
[5] = shb_b.a

  7'918 bytes of readonly  code memory
     70 bytes of readonly  data memory
  1'028 bytes of readwrite data memory

Errors: none
Warnings: none
